Archive member included to satisfy reference by file (symbol)

C:/ST/STM32CubeIDE_1.14.0/STM32CubeIDE/plugins/com.st.stm32cube.ide.mcu.externaltools.gnu-tools-for-stm32.11.3.rel1.win32_1.1.100.202309141235/tools/bin/../lib/gcc/arm-none-eabi/11.3.1/../../../../arm-none-eabi/lib/thumb/v7e-m+fp/hard\libc_nano.a(libc_a-exit.o)
                              C:/ST/STM32CubeIDE_1.14.0/STM32CubeIDE/plugins/com.st.stm32cube.ide.mcu.externaltools.gnu-tools-for-stm32.11.3.rel1.win32_1.1.100.202309141235/tools/bin/../lib/gcc/arm-none-eabi/11.3.1/../../../../arm-none-eabi/lib/thumb/v7e-m+fp/hard/crt0.o (exit)
C:/ST/STM32CubeIDE_1.14.0/STM32CubeIDE/plugins/com.st.stm32cube.ide.mcu.externaltools.gnu-tools-for-stm32.11.3.rel1.win32_1.1.100.202309141235/tools/bin/../lib/gcc/arm-none-eabi/11.3.1/../../../../arm-none-eabi/lib/thumb/v7e-m+fp/hard\libc_nano.a(libc_a-findfp.o)
                              C:/ST/STM32CubeIDE_1.14.0/STM32CubeIDE/plugins/com.st.stm32cube.ide.mcu.externaltools.gnu-tools-for-stm32.11.3.rel1.win32_1.1.100.202309141235/tools/bin/../lib/gcc/arm-none-eabi/11.3.1/../../../../arm-none-eabi/lib/thumb/v7e-m+fp/hard\libc_nano.a(libc_a-exit.o) (__stdio_exit_handler)
C:/ST/STM32CubeIDE_1.14.0/STM32CubeIDE/plugins/com.st.stm32cube.ide.mcu.externaltools.gnu-tools-for-stm32.11.3.rel1.win32_1.1.100.202309141235/tools/bin/../lib/gcc/arm-none-eabi/11.3.1/../../../../arm-none-eabi/lib/thumb/v7e-m+fp/hard\libc_nano.a(libc_a-fwalk.o)
                              C:/ST/STM32CubeIDE_1.14.0/STM32CubeIDE/plugins/com.st.stm32cube.ide.mcu.externaltools.gnu-tools-for-stm32.11.3.rel1.win32_1.1.100.202309141235/tools/bin/../lib/gcc/arm-none-eabi/11.3.1/../../../../arm-none-eabi/lib/thumb/v7e-m+fp/hard\libc_nano.a(libc_a-findfp.o) (_fwalk_sglue)
C:/ST/STM32CubeIDE_1.14.0/STM32CubeIDE/plugins/com.st.stm32cube.ide.mcu.externaltools.gnu-tools-for-stm32.11.3.rel1.win32_1.1.100.202309141235/tools/bin/../lib/gcc/arm-none-eabi/11.3.1/../../../../arm-none-eabi/lib/thumb/v7e-m+fp/hard\libc_nano.a(libc_a-stdio.o)
                              C:/ST/STM32CubeIDE_1.14.0/STM32CubeIDE/plugins/com.st.stm32cube.ide.mcu.externaltools.gnu-tools-for-stm32.11.3.rel1.win32_1.1.100.202309141235/tools/bin/../lib/gcc/arm-none-eabi/11.3.1/../../../../arm-none-eabi/lib/thumb/v7e-m+fp/hard\libc_nano.a(libc_a-findfp.o) (__sread)
C:/ST/STM32CubeIDE_1.14.0/STM32CubeIDE/plugins/com.st.stm32cube.ide.mcu.externaltools.gnu-tools-for-stm32.11.3.rel1.win32_1.1.100.202309141235/tools/bin/../lib/gcc/arm-none-eabi/11.3.1/../../../../arm-none-eabi/lib/thumb/v7e-m+fp/hard\libc_nano.a(libc_a-memset.o)
                              C:/ST/STM32CubeIDE_1.14.0/STM32CubeIDE/plugins/com.st.stm32cube.ide.mcu.externaltools.gnu-tools-for-stm32.11.3.rel1.win32_1.1.100.202309141235/tools/bin/../lib/gcc/arm-none-eabi/11.3.1/../../../../arm-none-eabi/lib/thumb/v7e-m+fp/hard/crt0.o (memset)
C:/ST/STM32CubeIDE_1.14.0/STM32CubeIDE/plugins/com.st.stm32cube.ide.mcu.externaltools.gnu-tools-for-stm32.11.3.rel1.win32_1.1.100.202309141235/tools/bin/../lib/gcc/arm-none-eabi/11.3.1/../../../../arm-none-eabi/lib/thumb/v7e-m+fp/hard\libc_nano.a(libc_a-closer.o)
                              C:/ST/STM32CubeIDE_1.14.0/STM32CubeIDE/plugins/com.st.stm32cube.ide.mcu.externaltools.gnu-tools-for-stm32.11.3.rel1.win32_1.1.100.202309141235/tools/bin/../lib/gcc/arm-none-eabi/11.3.1/../../../../arm-none-eabi/lib/thumb/v7e-m+fp/hard\libc_nano.a(libc_a-stdio.o) (_close_r)
C:/ST/STM32CubeIDE_1.14.0/STM32CubeIDE/plugins/com.st.stm32cube.ide.mcu.externaltools.gnu-tools-for-stm32.11.3.rel1.win32_1.1.100.202309141235/tools/bin/../lib/gcc/arm-none-eabi/11.3.1/../../../../arm-none-eabi/lib/thumb/v7e-m+fp/hard\libc_nano.a(libc_a-reent.o)
                              C:/ST/STM32CubeIDE_1.14.0/STM32CubeIDE/plugins/com.st.stm32cube.ide.mcu.externaltools.gnu-tools-for-stm32.11.3.rel1.win32_1.1.100.202309141235/tools/bin/../lib/gcc/arm-none-eabi/11.3.1/../../../../arm-none-eabi/lib/thumb/v7e-m+fp/hard\libc_nano.a(libc_a-closer.o) (errno)
C:/ST/STM32CubeIDE_1.14.0/STM32CubeIDE/plugins/com.st.stm32cube.ide.mcu.externaltools.gnu-tools-for-stm32.11.3.rel1.win32_1.1.100.202309141235/tools/bin/../lib/gcc/arm-none-eabi/11.3.1/../../../../arm-none-eabi/lib/thumb/v7e-m+fp/hard\libc_nano.a(libc_a-impure.o)
                              C:/ST/STM32CubeIDE_1.14.0/STM32CubeIDE/plugins/com.st.stm32cube.ide.mcu.externaltools.gnu-tools-for-stm32.11.3.rel1.win32_1.1.100.202309141235/tools/bin/../lib/gcc/arm-none-eabi/11.3.1/../../../../arm-none-eabi/lib/thumb/v7e-m+fp/hard\libc_nano.a(libc_a-reent.o) (_impure_ptr)
C:/ST/STM32CubeIDE_1.14.0/STM32CubeIDE/plugins/com.st.stm32cube.ide.mcu.externaltools.gnu-tools-for-stm32.11.3.rel1.win32_1.1.100.202309141235/tools/bin/../lib/gcc/arm-none-eabi/11.3.1/../../../../arm-none-eabi/lib/thumb/v7e-m+fp/hard\libc_nano.a(libc_a-lseekr.o)
[...]
Memory Configuration

Name             Origin             Length             Attributes
CCMRAM           0x0000000010000000 0x0000000000010000 xrw
RAM              0x0000000020000000 0x0000000000030000 xrw
FLASH            0x0000000008000000 0x0000000000200000 xr
*default*        0x0000000000000000 0xffffffffffffffff

Linker script and memory map

LOAD C:/ST/STM32CubeIDE_1.14.0/STM32CubeIDE/plugins/com.st.stm32cube.ide.mcu.externaltools.gnu-tools-for-stm32.11.3.rel1.win32_1.1.100.202309141235/tools/bin/../lib/gcc/arm-none-eabi/11.3.1/thumb/v7e-m+fp/hard/crti.o
LOAD C:/ST/STM32CubeIDE_1.14.0/STM32CubeIDE/plugins/com.st.stm32cube.ide.mcu.externaltools.gnu-tools-for-stm32.11.3.rel1.win32_1.1.100.202309141235/tools/bin/../lib/gcc/arm-none-eabi/11.3.1/thumb/v7e-m+fp/hard/crtbegin.o
LOAD C:/ST/STM32CubeIDE_1.14.0/STM32CubeIDE/plugins/com.st.stm32cube.ide.mcu.externaltools.gnu-tools-for-stm32.11.3.rel1.win32_1.1.100.202309141235/tools/bin/../lib/gcc/arm-none-eabi/11.3.1/../../../../arm-none-eabi/lib/thumb/v7e-m+fp/hard/crt0.o
LOAD ./Src/USART_Test.o
LOAD ./Src/syscalls.o
LOAD ./Src/sysmem.o
LOAD ./Startup/startup_stm32f439zitx.o
LOAD ./myDrivers/Src/EXTI.o
LOAD ./myDrivers/Src/GPIO.o
LOAD ./myDrivers/Src/I2C.o
LOAD ./myDrivers/Src/RCC.o
LOAD ./myDrivers/Src/SPI.o
LOAD ./myDrivers/Src/USART.o
START GROUP
LOAD C:/ST/STM32CubeIDE_1.14.0/STM32CubeIDE/plugins/com.st.stm32cube.ide.mcu.externaltools.gnu-tools-for-stm32.11.3.rel1.win32_1.1.100.202309141235/tools/bin/../lib/gcc/arm-none-eabi/11.3.1/../../../../arm-none-eabi/lib/thumb/v7e-m+fp/hard\libc_nano.a
LOAD C:/ST/STM32CubeIDE_1.14.0/STM32CubeIDE/plugins/com.st.stm32cube.ide.mcu.externaltools.gnu-tools-for-stm32.11.3.rel1.win32_1.1.100.202309141235/tools/bin/../lib/gcc/arm-none-eabi/11.3.1/../../../../arm-none-eabi/lib/thumb/v7e-m+fp/hard\libm.a
END GROUP
START GROUP
LOAD C:/ST/STM32CubeIDE_1.14.0/STM32CubeIDE/plugins/com.st.stm32cube.ide.mcu.externaltools.gnu-tools-for-stm32.11.3.rel1.win32_1.1.100.202309141235/tools/bin/../lib/gcc/arm-none-eabi/11.3.1/thumb/v7e-m+fp/hard\libgcc.a
LOAD C:/ST/STM32CubeIDE_1.14.0/STM32CubeIDE/plugins/com.st.stm32cube.ide.mcu.externaltools.gnu-tools-for-stm32.11.3.rel1.win32_1.1.100.202309141235/tools/bin/../lib/gcc/arm-none-eabi/11.3.1/../../../../arm-none-eabi/lib/thumb/v7e-m+fp/hard\libc_nano.a
END GROUP
START GROUP
LOAD C:/ST/STM32CubeIDE_1.14.0/STM32CubeIDE/plugins/com.st.stm32cube.ide.mcu.externaltools.gnu-tools-for-stm32.11.3.rel1.win32_1.1.100.202309141235/tools/bin/../lib/gcc/arm-none-eabi/11.3.1/thumb/v7e-m+fp/hard\libgcc.a
LOAD C:/ST/STM32CubeIDE_1.14.0/STM32CubeIDE/plugins/com.st.stm32cube.ide.mcu.externaltools.gnu-tools-for-stm32.11.3.rel1.win32_1.1.100.202309141235/tools/bin/../lib/gcc/arm-none-eabi/11.3.1/../../../../arm-none-eabi/lib/thumb/v7e-m+fp/hard\libc_nano.a
LOAD C:/ST/STM32CubeIDE_1.14.0/STM32CubeIDE/plugins/com.st.stm32cube.ide.mcu.externaltools.gnu-tools-for-stm32.11.3.rel1.win32_1.1.100.202309141235/tools/bin/../lib/gcc/arm-none-eabi/11.3.1/../../../../arm-none-eabi/lib/thumb/v7e-m+fp/hard\libnosys.a
END GROUP
START GROUP
LOAD C:/ST/STM32CubeIDE_1.14.0/STM32CubeIDE/plugins/com.st.stm32cube.ide.mcu.externaltools.gnu-tools-for-stm32.11.3.rel1.win32_1.1.100.202309141235/tools/bin/../lib/gcc/arm-none-eabi/11.3.1/thumb/v7e-m+fp/hard\libgcc.a
LOAD C:/ST/STM32CubeIDE_1.14.0/STM32CubeIDE/plugins/com.st.stm32cube.ide.mcu.externaltools.gnu-tools-for-stm32.11.3.rel1.win32_1.1.100.202309141235/tools/bin/../lib/gcc/arm-none-eabi/11.3.1/../../../../arm-none-eabi/lib/thumb/v7e-m+fp/hard\libc_nano.a
LOAD C:/ST/STM32CubeIDE_1.14.0/STM32CubeIDE/plugins/com.st.stm32cube.ide.mcu.externaltools.gnu-tools-for-stm32.11.3.rel1.win32_1.1.100.202309141235/tools/bin/../lib/gcc/arm-none-eabi/11.3.1/../../../../arm-none-eabi/lib/thumb/v7e-m+fp/hard\libnosys.a
END GROUP
LOAD C:/ST/STM32CubeIDE_1.14.0/STM32CubeIDE/plugins/com.st.stm32cube.ide.mcu.externaltools.gnu-tools-for-stm32.11.3.rel1.win32_1.1.100.202309141235/tools/bin/../lib/gcc/arm-none-eabi/11.3.1/thumb/v7e-m+fp/hard/crtend.o
LOAD C:/ST/STM32CubeIDE_1.14.0/STM32CubeIDE/plugins/com.st.stm32cube.ide.mcu.externaltools.gnu-tools-for-stm32.11.3.rel1.win32_1.1.100.202309141235/tools/bin/../lib/gcc/arm-none-eabi/11.3.1/thumb/v7e-m+fp/hard/crtn.o
                0x0000000020030000                _estack = (ORIGIN (RAM) + LENGTH (RAM))
                0x0000000000000200                _Min_Heap_Size = 0x200
                0x0000000000000400                _Min_Stack_Size = 0x400

.isr_vector     0x0000000008000000      0x1ac
                0x0000000008000000                . = ALIGN (0x4)
 *(.isr_vector)
 .isr_vector    0x0000000008000000      0x1ac ./Startup/startup_stm32f439zitx.o
                0x0000000008000000                g_pfnVectors
                0x00000000080001ac                . = ALIGN (0x4)

.text           0x00000000080001ac      0xa34
                0x00000000080001ac                . = ALIGN (0x4)
 *(.text)
 .text          0x00000000080001ac       0x40 C:/ST/STM32CubeIDE_1.14.0/STM32CubeIDE/plugins/com.st.stm32cube.ide.mcu.externaltools.gnu-tools-for-stm32.11.3.rel1.win32_1.1.100.202309141235/tools/bin/../lib/gcc/arm-none-eabi/11.3.1/thumb/v7e-m+fp/hard/crtbegin.o
 .text          0x00000000080001ec       0x10 C:/ST/STM32CubeIDE_1.14.0/STM32CubeIDE/plugins/com.st.stm32cube.ide.mcu.externaltools.gnu-tools-for-stm32.11.3.rel1.win32_1.1.100.202309141235/tools/bin/../lib/gcc/arm-none-eabi/11.3.1/../../../../arm-none-eabi/lib/thumb/v7e-m+fp/hard\libc_nano.a(libc_a-strlen.o)
                0x00000000080001ec                strlen
 *(.text*)
 .text.main     0x00000000080001fc       0x50 ./Src/USART_Test.o
                0x00000000080001fc                main
 .text.USART2_IRQHandler
                0x000000000800024c       0x14 ./Src/USART_Test.o
                0x000000000800024c                USART2_IRQHandler
 .text.UART_Config
                0x0000000008000260       0x7c ./Src/USART_Test.o
 .text.GPIO_Config
                0x00000000080002dc       0x64 ./Src/USART_Test.o
 .text.Reset_Handler
                0x0000000008000340       0x50 ./Startup/startup_stm32f439zitx.o
                0x0000000008000340                Reset_Handler
 .text.Default_Handler
                0x0000000008000390        0x2 ./Startup/startup_stm32f439zitx.o
                0x0000000008000390                RTC_Alarm_IRQHandler
                0x0000000008000390                HASH_RNG_IRQHandler
                0x0000000008000390                EXTI2_IRQHandler
                0x0000000008000390                TIM8_CC_IRQHandler
                0x0000000008000390                DebugMon_Handler
                0x0000000008000390                UART8_IRQHandler
                0x0000000008000390                SPI4_IRQHandler
                0x0000000008000390                TIM1_CC_IRQHandler
                0x0000000008000390                DMA2_Stream5_IRQHandler
                0x0000000008000390                HardFault_Handler
                0x0000000008000390                DMA1_Stream5_IRQHandler
                0x0000000008000390                SysTick_Handler
                0x0000000008000390                PVD_IRQHandler
                0x0000000008000390                SDIO_IRQHandler
                0x0000000008000390                TAMP_STAMP_IRQHandler
                0x0000000008000390                PendSV_Handler
                0x0000000008000390                NMI_Handler
                0x0000000008000390                CAN2_RX1_IRQHandler
                0x0000000008000390                EXTI3_IRQHandler
                0x0000000008000390                TIM8_TRG_COM_TIM14_IRQHandler
                0x0000000008000390                TIM1_UP_TIM10_IRQHandler
                0x0000000008000390                TIM8_UP_TIM13_IRQHandler
                0x0000000008000390                I2C3_ER_IRQHandler
                0x0000000008000390                LCD_TFT_IRQHandler
                0x0000000008000390                EXTI0_IRQHandler
                0x0000000008000390                I2C2_EV_IRQHandler
                0x0000000008000390                DMA1_Stream2_IRQHandler
                0x0000000008000390                CAN1_RX0_IRQHandler
                0x0000000008000390                FPU_IRQHandler
                0x0000000008000390                OTG_HS_WKUP_IRQHandler
                0x0000000008000390                UsageFault_Handler
                0x0000000008000390                CAN2_SCE_IRQHandler
                0x0000000008000390                DMA2_Stream2_IRQHandler
                0x0000000008000390                SPI1_IRQHandler
                0x0000000008000390                TIM6_DAC_IRQHandler
                0x0000000008000390                TIM1_BRK_TIM9_IRQHandler
                0x0000000008000390                DCMI_IRQHandler
                0x0000000008000390                CAN2_RX0_IRQHandler
                0x0000000008000390                DMA2_Stream3_IRQHandler
                0x0000000008000390                USART6_IRQHandler
                0x0000000008000390                USART3_IRQHandler
                0x0000000008000390                CRYP_IRQHandler
                0x0000000008000390                CAN1_RX1_IRQHandler
                0x0000000008000390                UART5_IRQHandler
                0x0000000008000390                DMA2_Stream0_IRQHandler
                0x0000000008000390                TIM4_IRQHandler
                0x0000000008000390                I2C1_EV_IRQHandler
                0x0000000008000390                DMA1_Stream6_IRQHandler
                0x0000000008000390                DMA1_Stream1_IRQHandler
                0x0000000008000390                UART4_IRQHandler
                0x0000000008000390                LCD_TFT_1_IRQHandler
                0x0000000008000390                TIM3_IRQHandler
                0x0000000008000390                RCC_IRQHandler
                0x0000000008000390                TIM8_BRK_TIM12_IRQHandler
                0x0000000008000390                Default_Handler
                0x0000000008000390                EXTI15_10_IRQHandler
                0x0000000008000390                ADC_IRQHandler
                0x0000000008000390                DMA1_Stream7_IRQHandler
                0x0000000008000390                SPI5_IRQHandler
                0x0000000008000390                TIM7_IRQHandler
                0x0000000008000390                CAN2_TX_IRQHandler
                0x0000000008000390                TIM5_IRQHandler
                0x0000000008000390                DMA2_Stream7_IRQHandler
                0x0000000008000390                I2C3_EV_IRQHandler
                0x0000000008000390                EXTI9_5_IRQHandler
                0x0000000008000390                RTC_WKUP_IRQHandler
                0x0000000008000390                ETH_WKUP_IRQHandler
                0x0000000008000390                SPI2_IRQHandler
                0x0000000008000390                OTG_HS_EP1_IN_IRQHandler
                0x0000000008000390                MemManage_Handler
                0x0000000008000390                DMA1_Stream0_IRQHandler
                0x0000000008000390                CAN1_TX_IRQHandler
                0x0000000008000390                SVC_Handler
                0x0000000008000390                EXTI4_IRQHandler
                0x0000000008000390                ETH_IRQHandler
                0x0000000008000390                OTG_HS_EP1_OUT_IRQHandler
                0x0000000008000390                WWDG_IRQHandler
                0x0000000008000390                SPI6_IRQHandler
                0x0000000008000390                TIM2_IRQHandler
                0x0000000008000390                OTG_FS_WKUP_IRQHandler
                0x0000000008000390                TIM1_TRG_COM_TIM11_IRQHandler
                0x0000000008000390                OTG_HS_IRQHandler
                0x0000000008000390                DMA2D_IRQHandler
                0x0000000008000390                EXTI1_IRQHandler
                0x0000000008000390                UART7_IRQHandler
                0x0000000008000390                I2C2_ER_IRQHandler
                0x0000000008000390                DMA2_Stream1_IRQHandler
                0x0000000008000390                CAN1_SCE_IRQHandler
                0x0000000008000390                FLASH_IRQHandler
                0x0000000008000390                DMA2_Stream4_IRQHandler
                0x0000000008000390                BusFault_Handler
                0x0000000008000390                USART1_IRQHandler
                0x0000000008000390                OTG_FS_IRQHandler
                0x0000000008000390                SPI3_IRQHandler
                0x0000000008000390                DMA1_Stream4_IRQHandler
                0x0000000008000390                I2C1_ER_IRQHandler
                0x0000000008000390                FMC_IRQHandler
                0x0000000008000390                DMA2_Stream6_IRQHandler
                0x0000000008000390                SAI1_IRQHandler
                0x0000000008000390                DMA1_Stream3_IRQHandler
 .text.NVIC_EnableInterrupt
                0x0000000008000392       0x68 ./myDrivers/Src/EXTI.o
                0x0000000008000392                NVIC_EnableInterrupt
 .text.GPIO_Init
                0x00000000080003fa      0x170 ./myDrivers/Src/GPIO.o
                0x00000000080003fa                GPIO_Init
 *fill*         0x000000000800056a        0x2 
 .text.RCC_GetSystemClock
                0x000000000800056c       0x54 ./myDrivers/Src/RCC.o
                0x000000000800056c                RCC_GetSystemClock
 .text.RCC_GetHClock
                0x00000000080005c0       0x48 ./myDrivers/Src/RCC.o
                0x00000000080005c0                RCC_GetHClock
 .text.RCC_GetPClock1
                0x0000000008000608       0x50 ./myDrivers/Src/RCC.o
                0x0000000008000608                RCC_GetPClock1
 .text.RCC_GetPClock2
                0x0000000008000658       0x50 ./myDrivers/Src/RCC.o
                0x0000000008000658                RCC_GetPClock2
 .text.closeUSART_ISR
                0x00000000080006a8       0x38 ./myDrivers/Src/USART.o
 .text.closeUSART_ISR_Rx
                0x00000000080006e0       0x38 ./myDrivers/Src/USART.o
 .text.USART_SendWith_IT
                0x0000000008000718       0x80 ./myDrivers/Src/USART.o
 .text.USART_GetWith_IT
                0x0000000008000798      0x108 ./myDrivers/Src/USART.o
 .text.USART_Init
                0x00000000080008a0      0x170 ./myDrivers/Src/USART.o
                0x00000000080008a0                USART_Init
 .text.USART_TransmitData_IT
                0x0000000008000a10       0x58 ./myDrivers/Src/USART.o
                0x0000000008000a10                USART_TransmitData_IT
 .text.USART_ReceiveData_IT
                0x0000000008000a68       0x58 ./myDrivers/Src/USART.o
                0x0000000008000a68                USART_ReceiveData_IT
 .text.USART_Active
                0x0000000008000ac0       0x40 ./myDrivers/Src/USART.o
                0x0000000008000ac0                USART_Active
 .text.USART_InterruptHandler
                0x0000000008000b00       0x80 ./myDrivers/Src/USART.o
                0x0000000008000b00                USART_InterruptHandler
 .text.__libc_init_array
                0x0000000008000b80       0x48 C:/ST/STM32CubeIDE_1.14.0/STM32CubeIDE/plugins/com.st.stm32cube.ide.mcu.externaltools.gnu-tools-for-stm32.11.3.rel1.win32_1.1.100.202309141235/tools/bin/../lib/gcc/arm-none-eabi/11.3.1/../../../../arm-none-eabi/lib/thumb/v7e-m+fp/hard\libc_nano.a(libc_a-init.o)
                0x0000000008000b80                __libc_init_array
 *(.glue_7)
 .glue_7        0x0000000008000bc8        0x0 linker stubs
 *(.glue_7t)
 .glue_7t       0x0000000008000bc8        0x0 linker stubs
 *(.eh_frame)
 .eh_frame      0x0000000008000bc8        0x0 C:/ST/STM32CubeIDE_1.14.0/STM32CubeIDE/plugins/com.st.stm32cube.ide.mcu.externaltools.gnu-tools-for-stm32.11.3.rel1.win32_1.1.100.202309141235/tools/bin/../lib/gcc/arm-none-eabi/11.3.1/thumb/v7e-m+fp/hard/crtbegin.o
 *(.init)
 .init          0x0000000008000bc8        0x4 C:/ST/STM32CubeIDE_1.14.0/STM32CubeIDE/plugins/com.st.stm32cube.ide.mcu.externaltools.gnu-tools-for-stm32.11.3.rel1.win32_1.1.100.202309141235/tools/bin/../lib/gcc/arm-none-eabi/11.3.1/thumb/v7e-m+fp/hard/crti.o
                0x0000000008000bc8                _init
 .init          0x0000000008000bcc        0x8 C:/ST/STM32CubeIDE_1.14.0/STM32CubeIDE/plugins/com.st.stm32cube.ide.mcu.externaltools.gnu-tools-for-stm32.11.3.rel1.win32_1.1.100.202309141235/tools/bin/../lib/gcc/arm-none-eabi/11.3.1/thumb/v7e-m+fp/hard/crtn.o
 *(.fini)
 .fini          0x0000000008000bd4        0x4 C:/ST/STM32CubeIDE_1.14.0/STM32CubeIDE/plugins/com.st.stm32cube.ide.mcu.externaltools.gnu-tools-for-stm32.11.3.rel1.win32_1.1.100.202309141235/tools/bin/../lib/gcc/arm-none-eabi/11.3.1/thumb/v7e-m+fp/hard/crti.o
                0x0000000008000bd4                _fini
 .fini          0x0000000008000bd8        0x8 C:/ST/STM32CubeIDE_1.14.0/STM32CubeIDE/plugins/com.st.stm32cube.ide.mcu.externaltools.gnu-tools-for-stm32.11.3.rel1.win32_1.1.100.202309141235/tools/bin/../lib/gcc/arm-none-eabi/11.3.1/thumb/v7e-m+fp/hard/crtn.o
                0x0000000008000be0                . = ALIGN (0x4)
                0x0000000008000be0                _etext = .

.vfp11_veneer   0x0000000008000be0        0x0
 .vfp11_veneer  0x0000000008000be0        0x0 linker stubs

.v4_bx          0x0000000008000be0        0x0
 .v4_bx         0x0000000008000be0        0x0 linker stubs

.iplt           0x0000000008000be0        0x0
 .iplt          0x0000000008000be0        0x0 C:/ST/STM32CubeIDE_1.14.0/STM32CubeIDE/plugins/com.st.stm32cube.ide.mcu.externaltools.gnu-tools-for-stm32.11.3.rel1.win32_1.1.100.202309141235/tools/bin/../lib/gcc/arm-none-eabi/11.3.1/thumb/v7e-m+fp/hard/crtbegin.o

.rodata         0x0000000008000be0       0x30
                0x0000000008000be0                . = ALIGN (0x4)
 *(.rodata)
 .rodata        0x0000000008000be0       0x16 ./Src/USART_Test.o
 *(.rodata*)
 *fill*         0x0000000008000bf6        0x2 
 .rodata.AHB_Prescaler
                0x0000000008000bf8       0x10 ./myDrivers/Src/RCC.o
                0x0000000008000bf8                AHB_Prescaler
 .rodata.APB_Prescaler
                0x0000000008000c08        0x8 ./myDrivers/Src/RCC.o
                0x0000000008000c08                APB_Prescaler
                0x0000000008000c10                . = ALIGN (0x4)

.rel.dyn        0x0000000008000c10        0x0
 .rel.iplt      0x0000000008000c10        0x0 C:/ST/STM32CubeIDE_1.14.0/STM32CubeIDE/plugins/com.st.stm32cube.ide.mcu.externaltools.gnu-tools-for-stm32.11.3.rel1.win32_1.1.100.202309141235/tools/bin/../lib/gcc/arm-none-eabi/11.3.1/thumb/v7e-m+fp/hard/crtbegin.o

.ARM.extab      0x0000000008000c10        0x0
                0x0000000008000c10                . = ALIGN (0x4)
 *(.ARM.extab* .gnu.linkonce.armextab.*)
                0x0000000008000c10                . = ALIGN (0x4)

.ARM            0x0000000008000c10        0x0
                0x0000000008000c10                . = ALIGN (0x4)
                0x0000000008000c10                __exidx_start = .
 *(.ARM.exidx*)
                0x0000000008000c10                __exidx_end = .
                0x0000000008000c10                . = ALIGN (0x4)

.preinit_array  0x0000000008000c10        0x0
                0x0000000008000c10                . = ALIGN (0x4)
                0x0000000008000c10                PROVIDE (__preinit_array_start = .)
 *(.preinit_array*)
                0x0000000008000c10                PROVIDE (__preinit_array_end = .)
                0x0000000008000c10                . = ALIGN (0x4)

.init_array     0x0000000008000c10        0x4
                0x0000000008000c10                . = ALIGN (0x4)
                0x0000000008000c10                PROVIDE (__init_array_start = .)
 *(SORT_BY_NAME(.init_array.*))
 *(.init_array*)
 .init_array    0x0000000008000c10        0x4 C:/ST/STM32CubeIDE_1.14.0/STM32CubeIDE/plugins/com.st.stm32cube.ide.mcu.externaltools.gnu-tools-for-stm32.11.3.rel1.win32_1.1.100.202309141235/tools/bin/../lib/gcc/arm-none-eabi/11.3.1/thumb/v7e-m+fp/hard/crtbegin.o
                0x0000000008000c14                PROVIDE (__init_array_end = .)
                0x0000000008000c14                . = ALIGN (0x4)

.fini_array     0x0000000008000c14        0x4
                0x0000000008000c14                . = ALIGN (0x4)
                [!provide]                        PROVIDE (__fini_array_start = .)
 *(SORT_BY_NAME(.fini_array.*))
 *(.fini_array*)
 .fini_array    0x0000000008000c14        0x4 C:/ST/STM32CubeIDE_1.14.0/STM32CubeIDE/plugins/com.st.stm32cube.ide.mcu.externaltools.gnu-tools-for-stm32.11.3.rel1.win32_1.1.100.202309141235/tools/bin/../lib/gcc/arm-none-eabi/11.3.1/thumb/v7e-m+fp/hard/crtbegin.o
                [!provide]                        PROVIDE (__fini_array_end = .)
                0x0000000008000c18                . = ALIGN (0x4)
                0x0000000008000c18                _sidata = LOADADDR (.data)

.data           0x0000000020000000        0x0 load address 0x0000000008000c18
                0x0000000020000000                . = ALIGN (0x4)
                0x0000000020000000                _sdata = .
 *(.data)
 *(.data*)
 *(.RamFunc)
 *(.RamFunc*)
                0x0000000020000000                . = ALIGN (0x4)
                0x0000000020000000                _edata = .
                0x0000000008000c18                _siccmram = LOADADDR (.ccmram)

.igot.plt       0x0000000020000000        0x0 load address 0x0000000008000c18
 .igot.plt      0x0000000020000000        0x0 C:/ST/STM32CubeIDE_1.14.0/STM32CubeIDE/plugins/com.st.stm32cube.ide.mcu.externaltools.gnu-tools-for-stm32.11.3.rel1.win32_1.1.100.202309141235/tools/bin/../lib/gcc/arm-none-eabi/11.3.1/thumb/v7e-m+fp/hard/crtbegin.o

.ccmram         0x0000000010000000        0x0 load address 0x0000000008000c18
                0x0000000010000000                . = ALIGN (0x4)
                0x0000000010000000                _sccmram = .
 *(.ccmram)
 *(.ccmram*)
                0x0000000010000000                . = ALIGN (0x4)
                0x0000000010000000                _eccmram = .
                0x0000000010000000                . = ALIGN (0x4)

.bss            0x0000000020000000       0x54
                0x0000000020000000                _sbss = .
                0x0000000020000000                __bss_start__ = _sbss
 *(.bss)
 .bss           0x0000000020000000       0x1c C:/ST/STM32CubeIDE_1.14.0/STM32CubeIDE/plugins/com.st.stm32cube.ide.mcu.externaltools.gnu-tools-for-stm32.11.3.rel1.win32_1.1.100.202309141235/tools/bin/../lib/gcc/arm-none-eabi/11.3.1/thumb/v7e-m+fp/hard/crtbegin.o
 *(.bss*)
 .bss.USART_Handle
                0x000000002000001c       0x38 ./Src/USART_Test.o
                0x000000002000001c                USART_Handle
 *(COMMON)
                0x0000000020000054                . = ALIGN (0x4)
                0x0000000020000054                _ebss = .
                0x0000000020000054                __bss_end__ = _ebss

._user_heap_stack
                0x0000000020000054      0x604
                0x0000000020000058                . = ALIGN (0x8)
 *fill*         0x0000000020000054        0x4 
                [!provide]                        PROVIDE (end = .)
                0x0000000020000058                PROVIDE (_end = .)
                0x0000000020000258                . = (. + _Min_Heap_Size)
 *fill*         0x0000000020000058      0x200 
                0x0000000020000658                . = (. + _Min_Stack_Size)
 *fill*         0x0000000020000258      0x400 
                0x0000000020000658                . = ALIGN (0x8)

/DISCARD/
 libc.a(*)
 libm.a(*)
 libgcc.a(*)

.ARM.attributes
                0x0000000000000000       0x30
 *(.ARM.attributes)
 .ARM.attributes
                0x0000000000000000       0x1e C:/ST/STM32CubeIDE_1.14.0/STM32CubeIDE/plugins/com.st.stm32cube.ide.mcu.externaltools.gnu-tools-for-stm32.11.3.rel1.win32_1.1.100.202309141235/tools/bin/../lib/gcc/arm-none-eabi/11.3.1/thumb/v7e-m+fp/hard/crti.o
 .ARM.attributes
                0x000000000000001e       0x34 C:/ST/STM32CubeIDE_1.14.0/STM32CubeIDE/plugins/com.st.stm32cube.ide.mcu.externaltools.gnu-tools-for-stm32.11.3.rel1.win32_1.1.100.202309141235/tools/bin/../lib/gcc/arm-none-eabi/11.3.1/thumb/v7e-m+fp/hard/crtbegin.o
 .ARM.attributes
                0x0000000000000052       0x34 ./Src/USART_Test.o
 .ARM.attributes
                0x0000000000000086       0x21 ./Startup/startup_stm32f439zitx.o
 .ARM.attributes
                0x00000000000000a7       0x34 ./myDrivers/Src/EXTI.o
 .ARM.attributes
                0x00000000000000db       0x34 ./myDrivers/Src/GPIO.o
 .ARM.attributes
                0x000000000000010f       0x34 ./myDrivers/Src/RCC.o
 .ARM.attributes
                0x0000000000000143       0x34 ./myDrivers/Src/USART.o
 .ARM.attributes
                0x0000000000000177       0x34 C:/ST/STM32CubeIDE_1.14.0/STM32CubeIDE/plugins/com.st.stm32cube.ide.mcu.externaltools.gnu-tools-for-stm32.11.3.rel1.win32_1.1.100.202309141235/tools/bin/../lib/gcc/arm-none-eabi/11.3.1/../../../../arm-none-eabi/lib/thumb/v7e-m+fp/hard\libc_nano.a(libc_a-init.o)
 .ARM.attributes
                0x00000000000001ab       0x17 C:/ST/STM32CubeIDE_1.14.0/STM32CubeIDE/plugins/com.st.stm32cube.ide.mcu.externaltools.gnu-tools-for-stm32.11.3.rel1.win32_1.1.100.202309141235/tools/bin/../lib/gcc/arm-none-eabi/11.3.1/../../../../arm-none-eabi/lib/thumb/v7e-m+fp/hard\libc_nano.a(libc_a-strlen.o)
 .ARM.attributes
                0x00000000000001c2       0x1e C:/ST/STM32CubeIDE_1.14.0/STM32CubeIDE/plugins/com.st.stm32cube.ide.mcu.externaltools.gnu-tools-for-stm32.11.3.rel1.win32_1.1.100.202309141235/tools/bin/../lib/gcc/arm-none-eabi/11.3.1/thumb/v7e-m+fp/hard/crtn.o
OUTPUT(driverDevelopment.elf elf32-littlearm)
LOAD linker stubs
LOAD C:/ST/STM32CubeIDE_1.14.0/STM32CubeIDE/plugins/com.st.stm32cube.ide.mcu.externaltools.gnu-tools-for-stm32.11.3.rel1.win32_1.1.100.202309141235/tools/bin/../lib/gcc/arm-none-eabi/11.3.1/../../../../arm-none-eabi/lib/thumb/v7e-m+fp/hard\libc.a
LOAD C:/ST/STM32CubeIDE_1.14.0/STM32CubeIDE/plugins/com.st.stm32cube.ide.mcu.externaltools.gnu-tools-for-stm32.11.3.rel1.win32_1.1.100.202309141235/tools/bin/../lib/gcc/arm-none-eabi/11.3.1/../../../../arm-none-eabi/lib/thumb/v7e-m+fp/hard\libm.a
LOAD C:/ST/STM32CubeIDE_1.14.0/STM32CubeIDE/plugins/com.st.stm32cube.ide.mcu.externaltools.gnu-tools-for-stm32.11.3.rel1.win32_1.1.100.202309141235/tools/bin/../lib/gcc/arm-none-eabi/11.3.1/thumb/v7e-m+fp/hard\libgcc.a

.comment        0x0000000000000000       0x43
 .comment       0x0000000000000000       0x43 C:/ST/STM32CubeIDE_1.14.0/STM32CubeIDE/plugins/com.st.stm32cube.ide.mcu.externaltools.gnu-tools-for-stm32.11.3.rel1.win32_1.1.100.202309141235/tools/bin/../lib/gcc/arm-none-eabi/11.3.1/thumb/v7e-m+fp/hard/crtbegin.o
                                         0x44 (size before relaxing)
 .comment       0x0000000000000043       0x44 ./Src/USART_Test.o
 .comment       0x0000000000000043       0x44 ./myDrivers/Src/EXTI.o
 .comment       0x0000000000000043       0x44 ./myDrivers/Src/GPIO.o
 .comment       0x0000000000000043       0x44 ./myDrivers/Src/RCC.o
 .comment       0x0000000000000043       0x44 ./myDrivers/Src/USART.o

.debug_info     0x0000000000000000     0x1732
 .debug_info    0x0000000000000000      0x72b ./Src/USART_Test.o
 .debug_info    0x000000000000072b       0x23 ./Startup/startup_stm32f439zitx.o
 .debug_info    0x000000000000074e      0x2b7 ./myDrivers/Src/EXTI.o
 .debug_info    0x0000000000000a05      0x356 ./myDrivers/Src/GPIO.o
 .debug_info    0x0000000000000d5b      0x3ca ./myDrivers/Src/RCC.o
 .debug_info    0x0000000000001125      0x60d ./myDrivers/Src/USART.o

.debug_abbrev   0x0000000000000000      0x700
 .debug_abbrev  0x0000000000000000      0x1be ./Src/USART_Test.o
 .debug_abbrev  0x00000000000001be       0x12 ./Startup/startup_stm32f439zitx.o
 .debug_abbrev  0x00000000000001d0       0xf3 ./myDrivers/Src/EXTI.o
 .debug_abbrev  0x00000000000002c3      0x115 ./myDrivers/Src/GPIO.o
 .debug_abbrev  0x00000000000003d8       0xf1 ./myDrivers/Src/RCC.o
 .debug_abbrev  0x00000000000004c9      0x237 ./myDrivers/Src/USART.o

.debug_aranges  0x0000000000000000      0x180
 .debug_aranges
                0x0000000000000000       0x38 ./Src/USART_Test.o
 .debug_aranges
                0x0000000000000038       0x28 ./Startup/startup_stm32f439zitx.o
 .debug_aranges
                0x0000000000000060       0x30 ./myDrivers/Src/EXTI.o
 .debug_aranges
                0x0000000000000090       0x40 ./myDrivers/Src/GPIO.o
 .debug_aranges
                0x00000000000000d0       0x38 ./myDrivers/Src/RCC.o
 .debug_aranges
                0x0000000000000108       0x78 ./myDrivers/Src/USART.o

.debug_rnglists
                0x0000000000000000      0x10a
 .debug_rnglists
                0x0000000000000000       0x25 ./Src/USART_Test.o
 .debug_rnglists
                0x0000000000000025       0x19 ./Startup/startup_stm32f439zitx.o
 .debug_rnglists
                0x000000000000003e       0x20 ./myDrivers/Src/EXTI.o
 .debug_rnglists
                0x000000000000005e       0x2c ./myDrivers/Src/GPIO.o
 .debug_rnglists
                0x000000000000008a       0x25 ./myDrivers/Src/RCC.o
 .debug_rnglists
                0x00000000000000af       0x5b ./myDrivers/Src/USART.o

.debug_macro    0x0000000000000000     0x2ec7
 .debug_macro   0x0000000000000000      0x206 ./Src/USART_Test.o
 .debug_macro   0x0000000000000206      0xab4 ./Src/USART_Test.o
 .debug_macro   0x0000000000000cba       0x22 ./Src/USART_Test.o
 .debug_macro   0x0000000000000cdc       0x8e ./Src/USART_Test.o
 .debug_macro   0x0000000000000d6a       0x51 ./Src/USART_Test.o
 .debug_macro   0x0000000000000dbb      0x103 ./Src/USART_Test.o
 .debug_macro   0x0000000000000ebe       0x6a ./Src/USART_Test.o
 .debug_macro   0x0000000000000f28      0x1df ./Src/USART_Test.o
 .debug_macro   0x0000000000001107       0x61 ./Src/USART_Test.o
 .debug_macro   0x0000000000001168       0x2a ./Src/USART_Test.o
 .debug_macro   0x0000000000001192       0x43 ./Src/USART_Test.o
 .debug_macro   0x00000000000011d5       0x34 ./Src/USART_Test.o
 .debug_macro   0x0000000000001209       0x16 ./Src/USART_Test.o
 .debug_macro   0x000000000000121f       0x97 ./Src/USART_Test.o
 .debug_macro   0x00000000000012b6      0x369 ./Src/USART_Test.o
 .debug_macro   0x000000000000161f       0xfd ./Src/USART_Test.o
 .debug_macro   0x000000000000171c       0x10 ./Src/USART_Test.o
 .debug_macro   0x000000000000172c       0x16 ./Src/USART_Test.o
 .debug_macro   0x0000000000001742       0x43 ./Src/USART_Test.o
 .debug_macro   0x0000000000001785       0x34 ./Src/USART_Test.o
 .debug_macro   0x00000000000017b9       0x10 ./Src/USART_Test.o
 .debug_macro   0x00000000000017c9       0x58 ./Src/USART_Test.o
 .debug_macro   0x0000000000001821       0x8e ./Src/USART_Test.o
 .debug_macro   0x00000000000018af       0x1c ./Src/USART_Test.o
 .debug_macro   0x00000000000018cb      0x177 ./Src/USART_Test.o
 .debug_macro   0x0000000000001a42       0x16 ./Src/USART_Test.o
 .debug_macro   0x0000000000001a58       0x16 ./Src/USART_Test.o
 .debug_macro   0x0000000000001a6e      0x147 ./Src/USART_Test.o
 .debug_macro   0x0000000000001bb5       0x16 ./Src/USART_Test.o
 .debug_macro   0x0000000000001bcb       0x35 ./Src/USART_Test.o
 .debug_macro   0x0000000000001c00       0x16 ./Src/USART_Test.o
 .debug_macro   0x0000000000001c16       0x29 ./Src/USART_Test.o
 .debug_macro   0x0000000000001c3f       0x16 ./Src/USART_Test.o
 .debug_macro   0x0000000000001c55       0x20 ./Src/USART_Test.o
 .debug_macro   0x0000000000001c75       0x22 ./Src/USART_Test.o
 .debug_macro   0x0000000000001c97      0x3a6 ./Src/USART_Test.o
 .debug_macro   0x000000000000203d       0x90 ./Src/USART_Test.o
 .debug_macro   0x00000000000020cd      0x11e ./Src/USART_Test.o
 .debug_macro   0x00000000000021eb       0xca ./Src/USART_Test.o
 .debug_macro   0x00000000000022b5       0x9a ./Src/USART_Test.o
 .debug_macro   0x000000000000234f       0x82 ./Src/USART_Test.o
 .debug_macro   0x00000000000023d1       0x58 ./Src/USART_Test.o
 .debug_macro   0x0000000000002429      0x210 ./myDrivers/Src/EXTI.o
 .debug_macro   0x0000000000002639       0xc4 ./myDrivers/Src/EXTI.o
 .debug_macro   0x00000000000026fd      0x210 ./myDrivers/Src/GPIO.o
 .debug_macro   0x000000000000290d      0x118 ./myDrivers/Src/GPIO.o
 .debug_macro   0x0000000000002a25      0x216 ./myDrivers/Src/RCC.o
 .debug_macro   0x0000000000002c3b      0x210 ./myDrivers/Src/USART.o
 .debug_macro   0x0000000000002e4b       0x7c ./myDrivers/Src/USART.o

.debug_line     0x0000000000000000     0x28f1
 .debug_line    0x0000000000000000      0x6e7 ./Src/USART_Test.o
 .debug_line    0x00000000000006e7       0x7b ./Startup/startup_stm32f439zitx.o
 .debug_line    0x0000000000000762      0x78b ./myDrivers/Src/EXTI.o
 .debug_line    0x0000000000000eed      0x7d7 ./myDrivers/Src/GPIO.o
 .debug_line    0x00000000000016c4      0x72c ./myDrivers/Src/RCC.o
 .debug_line    0x0000000000001df0      0xb01 ./myDrivers/Src/USART.o

.debug_str      0x0000000000000000     0xb365
 .debug_str     0x0000000000000000     0xaeb9 ./Src/USART_Test.o
                                       0xb0ec (size before relaxing)
 .debug_str     0x000000000000aeb9       0x2f ./Startup/startup_stm32f439zitx.o
                                         0x63 (size before relaxing)
 .debug_str     0x000000000000aee8       0xed ./myDrivers/Src/EXTI.o
                                       0xae3d (size before relaxing)
 .debug_str     0x000000000000afd5       0xd3 ./myDrivers/Src/GPIO.o
                                       0xadf1 (size before relaxing)
 .debug_str     0x000000000000b0a8       0xf6 ./myDrivers/Src/RCC.o
                                       0xaed1 (size before relaxing)
 .debug_str     0x000000000000b19e      0x1c7 ./myDrivers/Src/USART.o
                                       0xb030 (size before relaxing)

.debug_frame    0x0000000000000000      0x4a0
 .debug_frame   0x0000000000000000       0x98 ./Src/USART_Test.o
 .debug_frame   0x0000000000000098       0x88 ./myDrivers/Src/EXTI.o
 .debug_frame   0x0000000000000120       0xd8 ./myDrivers/Src/GPIO.o
 .debug_frame   0x00000000000001f8       0xa4 ./myDrivers/Src/RCC.o
 .debug_frame   0x000000000000029c      0x1d8 ./myDrivers/Src/USART.o
 .debug_frame   0x0000000000000474       0x2c C:/ST/STM32CubeIDE_1.14.0/STM32CubeIDE/plugins/com.st.stm32cube.ide.mcu.externaltools.gnu-tools-for-stm32.11.3.rel1.win32_1.1.100.202309141235/tools/bin/../lib/gcc/arm-none-eabi/11.3.1/../../../../arm-none-eabi/lib/thumb/v7e-m+fp/hard\libc_nano.a(libc_a-init.o)

.debug_line_str
                0x0000000000000000       0x57
 .debug_line_str
                0x0000000000000000       0x57 ./Startup/startup_stm32f439zitx.o
                                         0x6f (size before relaxing)
